=== Stress test error log ===
Total: 23500 requests, 16899 errors (71.9%)

Counts by status (errors only, sorted by count):
  timeout                                                        15593
  reset                                                           1306

t0 (first scheduled time): 296886.476340
All times below are seconds relative to t0.

----- timeout (15593 total (showing first 30)) -----
      ID   sched+s   start+s  connect+s  1st_byte+s   close+s  detail
    3569    40.800    40.801     41.285         -         -    
    3570    40.805    40.805     41.285         -         -    
    3571    40.810    40.810     41.286         -         -    
    3572    40.814    40.815     41.286         -         -    
    3573    40.819    40.820     41.286         -         -    
    3574    40.824    40.824     41.286         -         -    
    3575    40.829    40.829     41.294         -         -    
    3576    40.833    40.834     41.294         -         -    
    3577    40.838    40.839     41.296         -         -    
    3578    40.843    40.843     41.296         -         -    
    3579    40.848    40.848     41.296         -         -    
    3658    41.224    41.224     42.474         -         -    
    3659    41.229    41.231     42.474         -         -    
    3660    41.233    41.234     42.474         -         -    
    3661    41.238    41.239     42.474         -         -    
    3662    41.243    41.243     42.474         -         -    
    3692    41.386    41.389     42.760         -         -    
    3758    41.700    41.701     43.030         -         -    
    3759    41.705    41.705     43.030         -         -    
    3760    41.710    41.710     43.030         -         -    
    3761    41.714    41.715     43.030         -         -    
    3768    41.748    41.748     43.030         -         -    
    3830    42.043    42.044     43.392         -         -    
    3877    42.267    42.267     43.392         -         -    
    3924    42.490    42.491     43.393         -         -    
    3925    42.495    42.496     43.393         -         -    
    3937    42.552    42.553     43.372         -         -    
    3947    42.600    42.600     43.392         -         -    
    3948    42.605    42.605     43.393         -         -    
    3958    42.652    42.653     43.372         -         -    

----- reset (1306 total (showing first 30)) -----
      ID   sched+s   start+s  connect+s  1st_byte+s   close+s  detail
    4827    46.790    46.791     49.902         -         -    
    4828    46.795    46.796     49.903         -         -    
    5012    47.671    47.672     50.435         -         -    
    5013    47.676    47.677     50.435         -         -    
    5194    48.538    48.539     50.580         -         -    
    5195    48.543    48.543     50.580         -         -    
    5196    48.548    48.548     50.580         -         -    
    5214    48.633    48.634     50.469         -         -    
    5221    48.667    48.667     50.599         -         -    
    5222    48.671    48.672     50.600         -         -    
    5223    48.676    48.677     50.600         -         -    
    5224    48.681    48.682     50.600         -         -    
    5225    48.686    48.686     50.600         -         -    
    5226    48.690    48.691     50.600         -         -    
    5227    48.695    48.696     50.600         -         -    
    5228    48.700    48.701     50.601         -         -    
    5229    48.705    48.705     50.603         -         -    
    5230    48.710    48.710     50.603         -         -    
    5231    48.714    48.715     50.603         -         -    
    5299    49.038    49.039     51.414         -         -    
    5325    49.162    49.162     51.469         -         -    
    5457    49.790    49.791     52.008         -         -    
    5470    49.852    49.853     52.568         -         -    
    5484    49.919    49.920     52.813         -         -    
    5485    49.924    49.925     52.849         -         -    
    5486    49.929    49.929     52.666         -         -    
    5487    49.933    49.934     52.667         -         -    
    5488    49.938    49.939     52.667         -         -    
    5490    49.948    49.948     52.675         -         -    
    5491    49.952    49.953     52.681         -         -    

