=== Stress test error log ===
Total: 23500 requests, 12092 errors (51.5%)

Counts by status (errors only, sorted by count):
  timeout                                                        11369
  reset                                                            723

t0 (first scheduled time): 297065.232348
All times below are seconds relative to t0.

----- timeout (11369 total (showing first 30)) -----
      ID   sched+s   start+s  connect+s  1st_byte+s   close+s  detail
    6913    55.431    55.431     56.632         -         -    
    6914    55.435    55.435     56.632         -         -    
    6915    55.438    55.439     56.632         -         -    
    6916    55.442    55.443     56.632         -         -    
    6917    55.446    55.447     56.632         -         -    
    6918    55.450    55.450     56.632         -         -    
    6919    55.454    55.454     56.632         -         -    
    6920    55.458    55.458     56.632         -         -    
    6921    55.462    55.462     56.632         -         -    
    6922    55.465    55.466     56.632         -         -    
    6923    55.469    55.470     56.632         -         -    
    6924    55.473    55.474     56.632         -         -    
    6925    55.477    55.477     56.632         -         -    
    6926    55.481    55.481     56.632         -         -    
    6927    55.485    55.485     56.632         -         -    
    6928    55.488    55.489     56.633         -         -    
    6929    55.492    55.493     56.636         -         -    
    6991    55.731    55.731     56.646         -         -    
    6992    55.735    55.735     56.647         -         -    
    6993    55.738    55.739     56.647         -         -    
    6997    55.754    55.754     56.648         -         -    
    6998    55.758    55.758     56.648         -         -    
    7001    55.769    55.770     56.648         -         -    
    7002    55.773    55.774     56.648         -         -    
    7003    55.777    55.777     56.649         -         -    
    7004    55.781    55.781     56.649         -         -    
    7013    55.815    55.816     56.650         -         -    
    7014    55.819    55.820     56.650         -         -    
    7020    55.842    55.843     56.651         -         -    
    7021    55.846    55.847     56.651         -         -    

----- reset (723 total (showing first 30)) -----
      ID   sched+s   start+s  connect+s  1st_byte+s   close+s  detail
   12148    72.631    72.631     80.434         -         -    
   12197    72.767    72.767     77.334         -         -    
   12198    72.769    72.770     77.334         -         -    
   12350    73.192    73.192     78.584         -         -    
   12356    73.208    73.209     78.590         -         -    
   12357    73.211    73.212     78.590         -         -    
   12358    73.214    73.214     78.591         -         -    
   12359    73.217    73.217     78.591         -         -    
   12360    73.219    73.220     78.591         -         -    
   12361    73.222    73.223     78.591         -         -    
   12362    73.225    73.225     78.592         -         -    
   12363    73.228    73.228     78.592         -         -    
   12373    73.256    73.256     76.840         -         -    
   12374    73.258    73.259     76.840         -         -    
   12375    73.261    73.262     76.840         -         -    
   12376    73.264    73.264     76.840         -         -    
   12420    73.386    73.387     75.231         -         -    
   12534    73.703    73.703     76.550         -         -    
   12554    73.758    73.759     77.271         -         -    
   12555    73.761    73.761     77.271         -         -    
   12556    73.764    73.764     77.273         -         -    
   12569    73.800    73.800     75.813         -         -    
   12605    73.900    73.900     76.800         -         -    
   12606    73.903    73.903     76.801         -         -    
   12638    73.992    73.992     75.231         -         -    
   12639    73.994    73.995     75.231         -         -    
   12643    74.006    74.006     76.550         -         -    
   12644    74.008    74.009     76.552         -         -    
   12645    74.011    74.012     76.552         -         -    
   12646    74.014    74.015     76.608         -         -    

