=== Stress test error log ===
Total: 23500 requests, 17825 errors (75.9%)

Counts by status (errors only, sorted by count):
  timeout                                                        17039
  reset                                                            781
  empty_response                                                     5

t0 (first scheduled time): 296728.909198
All times below are seconds relative to t0.

----- timeout (17039 total (showing first 30)) -----
      ID   sched+s   start+s  connect+s  1st_byte+s   close+s  detail
    5167    48.410    48.410     50.101         -         -    
    5168    48.414    48.415     50.101         -         -    
    5169    48.419    48.419     50.101         -         -    
    5170    48.424    48.425     50.104         -         -    
    5171    48.429    48.429     50.104         -         -    
    5172    48.433    48.434     50.104         -         -    
    5173    48.438    48.439     50.104         -         -    
    5174    48.443    48.443     50.104         -         -    
    5175    48.448    48.448     50.104         -         -    
    5176    48.452    48.453     50.104         -         -    
    5177    48.457    48.458     50.104         -         -    
    5178    48.462    48.463     50.104         -         -    
    5179    48.467    48.467     50.104         -         -    
    5180    48.471    48.472     50.104         -         -    
    5181    48.476    48.476     50.104         -         -    
    5182    48.481    48.481     50.104         -         -    
    5183    48.486    48.486     50.104         -         -    
    5184    48.490    48.491     50.104         -         -    
    5185    48.495    48.496     50.104         -         -    
    5186    48.500    48.501     50.104         -         -    
    5187    48.505    48.505     50.104         -         -    
    5188    48.510    48.510     50.105         -         -    
    5189    48.514    48.515     50.105         -         -    
    5190    48.519    48.519     50.105         -         -    
    5191    48.524    48.525     50.105         -         -    
    5192    48.529    48.529     50.105         -         -    
    5193    48.533    48.534     50.110         -         -    
    5194    48.538    48.539     50.111         -         -    
    5195    48.543    48.543     50.142         -         -    
    5196    48.548    48.548     50.142         -         -    

----- reset (781 total (showing first 30)) -----
      ID   sched+s   start+s  connect+s  1st_byte+s   close+s  detail
    9426    64.274    64.275     73.649         -         -    
    9477    64.439    64.439     73.743         -         -    
    9478    64.442    64.446     73.745         -         -    
    9479    64.445    64.449     73.745         -         -    
    9480    64.448    64.449     73.745         -         -    
    9481    64.452    64.452     73.745         -         -    
    9482    64.455    64.455     73.748         -         -    
    9490    64.481    64.481     70.201         -         -    
    9491    64.484    64.485     70.202         -         -    
    9492    64.487    64.487     70.207         -         -    
    9493    64.490    64.491     70.207         -         -    
    9494    64.494    64.494     70.207         -         -    
    9495    64.497    64.497     70.208         -         -    
    9496    64.500    64.501     73.807         -         -    
    9497    64.503    64.504     73.806         -         -    
    9515    64.561    64.562     67.604         -         -    
    9516    64.565    64.565     67.606         -         -    
    9517    64.568    64.568     67.606         -         -    
    9518    64.571    64.571     67.609         -         -    
    9519    64.574    64.575     67.609         -         -    
    9520    64.577    64.578     67.609         -         -    
    9521    64.581    64.581     67.612         -         -    
    9522    64.584    64.584     67.612         -         -    
    9623    64.910    64.910     67.971         -         -    
    9624    64.913    64.913     67.972         -         -    
    9667    65.052    65.052     67.184         -         -    
    9696    65.145    65.146     70.842         -         -    
    9697    65.148    65.149     70.846         -         -    
    9710    65.190    65.191     68.328         -         -    
    9711    65.194    65.194     68.329         -         -    

----- empty_response (5 total) -----
      ID   sched+s   start+s  connect+s  1st_byte+s   close+s  detail
    5258    48.843    48.843     50.154         -      52.379  server closed without sending any data (likely recv timeout / abandon)
    5262    48.862    48.863     50.154         -      56.579  server closed without sending any data (likely recv timeout / abandon)
    5263    48.867    48.867     50.154         -      58.394  server closed without sending any data (likely recv timeout / abandon)
   10034    66.235    66.236     67.152         -      71.720  server closed without sending any data (likely recv timeout / abandon)
   10061    66.323    66.323     67.270         -      73.863  server closed without sending any data (likely recv timeout / abandon)

