=== Stress test error log ===
Total: 23500 requests, 23345 errors (99.3%)

Counts by status (errors only, sorted by count):
  timeout                                                        14921
  refused                                                         8407
  reset                                                             17

t0 (first scheduled time): 296480.101515
All times below are seconds relative to t0.

----- timeout (14921 total (showing first 30)) -----
      ID   sched+s   start+s  connect+s  1st_byte+s   close+s  detail
     137    10.600    10.601        -           -         -    
     143    10.700    10.700        -           -         -    
     144    10.717    10.718        -           -         -    
     145    10.733    10.735        -           -         -    
     146    10.750    10.751        -           -         -    
     151    10.833    10.835        -           -         -    
     161    11.000    11.000        -           -         -    
     162    11.017    11.018        -           -         -    
     171    11.167    11.168     11.242         -         -    
     174    11.217    11.218     11.387         -         -    
     175    11.233    11.234        -           -         -    
     176    11.250    11.251     11.387         -         -    
     185    11.400    11.401        -           -         -    
     186    11.417    11.417        -           -         -    
     187    11.433    11.435        -           -         -    
     188    11.450    11.451        -           -         -    
     189    11.467    11.468        -           -         -    
     190    11.483    11.484        -           -         -    
     191    11.500    11.501        -           -         -    
     192    11.517    11.518        -           -         -    
     193    11.533    11.535        -           -         -    
     194    11.550    11.551        -           -         -    
     195    11.567    11.568        -           -         -    
     196    11.583    11.585        -           -         -    
     197    11.600    11.601        -           -         -    
     198    11.617    11.618        -           -         -    
     199    11.633    11.634        -           -         -    
     200    11.650    11.651        -           -         -    
     201    11.667    11.668        -           -         -    
     202    11.683    11.685        -           -         -    

----- refused (8407 total (showing first 30)) -----
      ID   sched+s   start+s  connect+s  1st_byte+s   close+s  detail
   14564    79.342    79.342        -           -         -    
   14565    79.344    79.345        -           -         -    
   14566    79.347    79.348        -           -         -    
   14567    79.350    79.350        -           -         -    
   14568    79.353    79.353        -           -         -    
   14572    79.364    79.364        -           -         -    
   14573    79.367    79.367        -           -         -    
   14574    79.369    79.370        -           -         -    
   14575    79.372    79.372        -           -         -    
   14576    79.375    79.375        -           -         -    
   14577    79.378    79.378        -           -         -    
   14578    79.381    79.381        -           -         -    
   14579    79.383    79.387        -           -         -    
   14580    79.386    79.387        -           -         -    
   14581    79.389    79.389        -           -         -    
   14582    79.392    79.392        -           -         -    
   14583    79.394    79.395        -           -         -    
   14584    79.397    79.398        -           -         -    
   14585    79.400    79.400        -           -         -    
   14586    79.403    79.403        -           -         -    
   14587    79.406    79.406        -           -         -    
   14588    79.408    79.409        -           -         -    
   14589    79.411    79.411        -           -         -    
   14590    79.414    79.414        -           -         -    
   14591    79.417    79.417        -           -         -    
   14592    79.419    79.420        -           -         -    
   14593    79.422    79.423        -           -         -    
   14594    79.425    79.426        -           -         -    
   14595    79.428    79.428        -           -         -    
   14596    79.431    79.431        -           -         -    

----- reset (17 total) -----
      ID   sched+s   start+s  connect+s  1st_byte+s   close+s  detail
     116    10.250    10.251     10.290         -         -    
     119    10.300    10.301     11.387         -         -    
     122    10.350    10.351     10.404         -         -    
     134    10.550    10.551     10.594         -         -    
     135    10.567    10.568     10.594         -         -    
     159    10.967    10.968     10.999         -         -    
     160    10.983    10.985     10.999         -         -    
     172    11.183    11.184     11.243         -         -    
     173    11.200    11.201     11.243         -         -    
     177    11.267    11.268     11.387         -         -    
     178    11.283    11.285     11.387         -         -    
     179    11.300    11.301     11.387         -         -    
     180    11.317    11.318     11.387         -         -    
     181    11.333    11.335     11.387         -         -    
     182    11.350    11.351     11.387         -         -    
     183    11.367    11.368     11.414         -         -    
     184    11.383    11.385     11.415         -         -    

